// Jest Snapshot v1, https://goo.gl/fbAQLP

exports[`renders Spinner 1`] = `
<div
  className="wrapper"
>
  <div
    className="spinner"
  >
    <div />
    <div />
    <div />
    <div />
  </div>
</div>
`;
