// Jest Snapshot v1, https://goo.gl/fbAQLP

exports[`renders Articles 1`] = `
<div
  className="articles"
>
  <Masonry
    breakpointCols={
      Object {
        "500": 1,
        "900": 2,
        "default": 3,
      }
    }
    className="grid"
    columnClassName="gridColumn"
  />
</div>
`;
